2026-01-22 19:04:42,403 - INFO - ============================================================
2026-01-22 19:04:42,404 - INFO - XLSX Converter Service (xlsx-converter) 启动
2026-01-22 19:04:42,404 - INFO - ============================================================
2026-01-22 19:04:42,405 - INFO - 源目录: E:\workspace\OrderAutoGeneration\docs\sourceData
2026-01-22 19:04:42,405 - INFO - 目标目录: E:\workspace\OrderAutoGeneration\docs\convertedData
2026-01-22 19:04:42,405 - INFO - 模式: 递归扫描所有子目录，保持文件夹结构，转换后删除原文件
2026-01-22 19:04:42,405 - INFO - 监控间隔: 10 秒
2026-01-22 19:04:42,407 - INFO - 程序运行中，按 Ctrl+C 停止...
2026-01-22 19:04:42,407 - INFO - 
2026-01-22 19:04:42,411 - INFO - 发现 4 个xlsx文件
2026-01-22 19:04:42,412 - INFO - 开始转换文件: LG-Le\Orders\LG-Lｅ　Ceralia(瑜伽裤）-2　Jan22th tracking &cost.xlsx
2026-01-22 19:04:42,691 - INFO -   发现 1 个sheet
2026-01-22 19:04:42,813 - INFO -   已添加SKU_Quotation列（从'商品SKU'列提取，位于SKU列右侧）
2026-01-22 19:04:42,964 - INFO -   已添加QTY_Merged列（按Order#和SKU_Quotation分组累加QTY，位于QTY列右侧）
2026-01-22 19:04:43,180 - INFO -   已添加sum行，公式: =SUM(L2:L295)+SUM(M2:M295)
2026-01-22 19:04:43,180 - INFO -   已添加cost和upsell列（位于Country列左侧），并在最后一行添加sum行（使用公式计算）
2026-01-22 19:04:43,351 - INFO -   已保存为Excel格式（支持货币格式和公式）
2026-01-22 19:04:43,352 - INFO -   ✓ 已转换: LG-Le\Orders\LG-LｅCeralia瑜伽裤）-2Jan22th_tracking_cost_order_.xlsx (294 行, 22 列)
2026-01-22 19:04:43,352 - WARNING - 删除原文件失败（文件可能被占用），0.5秒后重试 (1/3): LG-Le\Orders\LG-Lｅ　Ceralia(瑜伽裤）-2　Jan22th tracking &cost.xlsx
2026-01-22 19:04:43,854 - WARNING - 删除原文件失败（文件可能被占用），0.5秒后重试 (2/3): LG-Le\Orders\LG-Lｅ　Ceralia(瑜伽裤）-2　Jan22th tracking &cost.xlsx
2026-01-22 19:04:44,356 - ERROR - 删除原文件失败（文件被占用，已重试3次）: LG-Le\Orders\LG-Lｅ　Ceralia(瑜伽裤）-2　Jan22th tracking &cost.xlsx - [WinError 5] Access is denied: 'E:\\workspace\\OrderAutoGeneration\\docs\\sourceData\\LG-Le\\Orders\\LG-Lｅ\u3000Ceralia(瑜伽裤）-2\u3000Jan22th tracking &cost.xlsx'
2026-01-22 19:04:44,356 - WARNING - ✓ 文件转换完成但删除失败: LG-Le\Orders\LG-Lｅ　Ceralia(瑜伽裤）-2　Jan22th tracking &cost.xlsx -> 1 个CSV文件
2026-01-22 19:04:44,358 - INFO - 开始转换文件: LG-Le\Quotation\LG-le docteur 2026.1.21号  瑜伽裤报价新.xlsx
2026-01-22 19:04:44,402 - INFO -   发现 4 个sheet
2026-01-22 19:04:44,467 - INFO -   ✓ 已转换: LG-Le\Quotation\LG-le_docteur_2026121号__瑜伽裤报价新_找货表.csv (21 行, 20 列)
2026-01-22 19:04:44,526 - INFO -   ✓ 已转换: LG-Le\Quotation\LG-le_docteur_2026121号__瑜伽裤报价新_瑜伽裤报价表.csv (25 行, 26 列)
2026-01-22 19:04:44,581 - INFO -   ✓ 已转换: LG-Le\Quotation\LG-le_docteur_2026121号__瑜伽裤报价新_upsell_报价表.csv (25 行, 26 列)
2026-01-22 19:04:44,619 - WARNING - 删除原文件失败（文件可能被占用），0.5秒后重试 (1/3): LG-Le\Quotation\LG-le docteur 2026.1.21号  瑜伽裤报价新.xlsx
2026-01-22 19:04:45,121 - WARNING - 删除原文件失败（文件可能被占用），0.5秒后重试 (2/3): LG-Le\Quotation\LG-le docteur 2026.1.21号  瑜伽裤报价新.xlsx
2026-01-22 19:04:45,626 - ERROR - 删除原文件失败（文件被占用，已重试3次）: LG-Le\Quotation\LG-le docteur 2026.1.21号  瑜伽裤报价新.xlsx - [WinError 5] Access is denied: 'E:\\workspace\\OrderAutoGeneration\\docs\\sourceData\\LG-Le\\Quotation\\LG-le docteur 2026.1.21号  瑜伽裤报价新.xlsx'
2026-01-22 19:04:45,628 - WARNING - ✓ 文件转换完成但删除失败: LG-Le\Quotation\LG-le docteur 2026.1.21号  瑜伽裤报价新.xlsx -> 3 个CSV文件
2026-01-22 19:04:55,632 - INFO - 发现 4 个xlsx文件
2026-01-22 19:12:51,719 - INFO - ============================================================
2026-01-22 19:12:51,721 - INFO - XLSX Converter Service (xlsx-converter) 启动
2026-01-22 19:12:51,722 - INFO - ============================================================
2026-01-22 19:12:51,722 - INFO - 源目录: E:\workspace\OrderAutoGeneration\docs\sourceData
2026-01-22 19:12:51,722 - INFO - 目标目录: E:\workspace\OrderAutoGeneration\docs\convertedData
2026-01-22 19:12:51,723 - INFO - 模式: 递归扫描所有子目录，保持文件夹结构，转换后删除原文件
2026-01-22 19:12:51,723 - INFO - 监控间隔: 10 秒
2026-01-22 19:12:51,723 - INFO - 程序运行中，按 Ctrl+C 停止...
2026-01-22 19:12:51,723 - INFO - 
2026-01-22 19:12:51,728 - INFO - 发现 4 个xlsx文件
2026-01-22 19:12:51,729 - INFO - 开始转换文件: LG-Le\Orders\LG-Lｅ　Ceralia(瑜伽裤）-2　Jan22th tracking &cost.xlsx
2026-01-22 19:12:53,465 - INFO -   发现 1 个sheet
2026-01-22 19:12:54,090 - INFO -   覆盖已存在的文件: LG-Le\Orders\LG-LｅCeralia瑜伽裤）-2Jan22th_tracking_cost_order_.xlsx
2026-01-22 19:12:54,158 - INFO -   已添加SKU_Quotation列（从'商品SKU'列提取，位于SKU列右侧）
2026-01-22 19:12:54,485 - INFO -   已添加QTY_Merged列（按Order#和SKU_Quotation分组累加QTY，位于QTY列右侧）
2026-01-22 19:12:54,486 - INFO -   查找报价表文件，目录: E:\workspace\OrderAutoGeneration\docs\convertedData\LG-Le\Quotation
2026-01-22 19:12:54,487 - INFO -   目录是否存在: True
2026-01-22 19:12:54,488 - INFO -   目录下所有CSV文件: ['LG-le_docteur_2026121号__瑜伽裤报价新_upsell_报价表.csv', 'LG-le_docteur_2026121号__瑜伽裤报价新_找货表.csv', 'LG-le_docteur_2026121号__瑜伽裤报价新_瑜伽裤报价表.csv']
2026-01-22 19:12:54,490 - INFO -   匹配'*报价表*.csv'的文件: ['LG-le_docteur_2026121号__瑜伽裤报价新_upsell_报价表.csv', 'LG-le_docteur_2026121号__瑜伽裤报价新_瑜伽裤报价表.csv']
2026-01-22 19:12:54,490 - INFO -   过滤后（不含upsell）的报价表文件: ['LG-le_docteur_2026121号__瑜伽裤报价新_瑜伽裤报价表.csv']
2026-01-22 19:12:54,496 - INFO -   已加载报价表文件: LG-le_docteur_2026121号__瑜伽裤报价新_瑜伽裤报价表.csv (共25行)
2026-01-22 19:12:54,499 - INFO -   匹配upsell报价表文件: ['LG-le_docteur_2026121号__瑜伽裤报价新_upsell_报价表.csv']
2026-01-22 19:12:54,510 - INFO -   已加载upsell报价表文件: LG-le_docteur_2026121号__瑜伽裤报价新_upsell_报价表.csv (共25行)
2026-01-22 19:12:55,447 - INFO -   已添加sum行，公式: =SUM(L2:L295)+SUM(M2:M295)
2026-01-22 19:12:55,448 - INFO -   已添加cost和upsell列（位于Country列左侧），并在最后一行添加sum行（使用公式计算）
2026-01-22 19:12:55,866 - INFO -   已保存为Excel格式（支持货币格式和公式）
2026-01-22 19:12:55,866 - INFO -   ✓ 已转换: LG-Le\Orders\LG-LｅCeralia瑜伽裤）-2Jan22th_tracking_cost_order_.xlsx (294 行, 22 列)
2026-01-22 19:12:55,867 - WARNING - 删除原文件失败（文件可能被占用），0.5秒后重试 (1/3): LG-Le\Orders\LG-Lｅ　Ceralia(瑜伽裤）-2　Jan22th tracking &cost.xlsx
2026-01-22 19:12:56,372 - WARNING - 删除原文件失败（文件可能被占用），0.5秒后重试 (2/3): LG-Le\Orders\LG-Lｅ　Ceralia(瑜伽裤）-2　Jan22th tracking &cost.xlsx
2026-01-22 19:12:56,874 - ERROR - 删除原文件失败（文件被占用，已重试3次）: LG-Le\Orders\LG-Lｅ　Ceralia(瑜伽裤）-2　Jan22th tracking &cost.xlsx - [WinError 5] Access is denied: 'E:\\workspace\\OrderAutoGeneration\\docs\\sourceData\\LG-Le\\Orders\\LG-Lｅ\u3000Ceralia(瑜伽裤）-2\u3000Jan22th tracking &cost.xlsx'
2026-01-22 19:12:56,875 - WARNING - ✓ 文件转换完成但删除失败: LG-Le\Orders\LG-Lｅ　Ceralia(瑜伽裤）-2　Jan22th tracking &cost.xlsx -> 1 个CSV文件
2026-01-22 19:12:56,877 - INFO - 开始转换文件: LG-Le\Quotation\LG-le docteur 2026.1.21号  瑜伽裤报价新.xlsx
2026-01-22 19:12:56,936 - INFO -   发现 4 个sheet
2026-01-22 19:12:57,038 - INFO -   覆盖已存在的文件: LG-Le\Quotation\LG-le_docteur_2026121号__瑜伽裤报价新_找货表.csv
2026-01-22 19:12:57,154 - INFO -   ✓ 已转换: LG-Le\Quotation\LG-le_docteur_2026121号__瑜伽裤报价新_找货表.csv (21 行, 20 列)
2026-01-22 19:12:57,285 - INFO -   覆盖已存在的文件: LG-Le\Quotation\LG-le_docteur_2026121号__瑜伽裤报价新_瑜伽裤报价表.csv
2026-01-22 19:12:57,296 - INFO -   ✓ 已转换: LG-Le\Quotation\LG-le_docteur_2026121号__瑜伽裤报价新_瑜伽裤报价表.csv (25 行, 26 列)
2026-01-22 19:12:57,408 - INFO -   覆盖已存在的文件: LG-Le\Quotation\LG-le_docteur_2026121号__瑜伽裤报价新_upsell_报价表.csv
2026-01-22 19:12:57,460 - INFO -   ✓ 已转换: LG-Le\Quotation\LG-le_docteur_2026121号__瑜伽裤报价新_upsell_报价表.csv (25 行, 26 列)
2026-01-22 19:12:57,502 - WARNING - 删除原文件失败（文件可能被占用），0.5秒后重试 (1/3): LG-Le\Quotation\LG-le docteur 2026.1.21号  瑜伽裤报价新.xlsx
2026-01-22 19:12:58,041 - WARNING - 删除原文件失败（文件可能被占用），0.5秒后重试 (2/3): LG-Le\Quotation\LG-le docteur 2026.1.21号  瑜伽裤报价新.xlsx
2026-01-22 19:12:58,545 - ERROR - 删除原文件失败（文件被占用，已重试3次）: LG-Le\Quotation\LG-le docteur 2026.1.21号  瑜伽裤报价新.xlsx - [WinError 5] Access is denied: 'E:\\workspace\\OrderAutoGeneration\\docs\\sourceData\\LG-Le\\Quotation\\LG-le docteur 2026.1.21号  瑜伽裤报价新.xlsx'
2026-01-22 19:12:58,548 - WARNING - ✓ 文件转换完成但删除失败: LG-Le\Quotation\LG-le docteur 2026.1.21号  瑜伽裤报价新.xlsx -> 3 个CSV文件
2026-01-22 19:13:08,553 - INFO - 发现 4 个xlsx文件
2026-01-22 19:13:18,566 - INFO - 发现 4 个xlsx文件
2026-01-22 19:13:28,572 - INFO - 发现 4 个xlsx文件
2026-01-22 19:13:38,579 - INFO - 发现 4 个xlsx文件
2026-01-22 19:13:48,605 - INFO - 发现 4 个xlsx文件
2026-01-22 19:13:58,611 - INFO - 发现 4 个xlsx文件
2026-01-22 19:14:08,616 - INFO - 发现 4 个xlsx文件
2026-01-22 19:14:18,621 - INFO - 发现 4 个xlsx文件
2026-01-22 19:14:28,628 - INFO - 发现 4 个xlsx文件
2026-01-22 19:17:34,520 - INFO - ============================================================
2026-01-22 19:17:34,521 - INFO - XLSX Converter Service (xlsx-converter) 启动
2026-01-22 19:17:34,521 - INFO - ============================================================
2026-01-22 19:17:34,522 - INFO - 源目录: E:\workspace\OrderAutoGeneration\docs\sourceData
2026-01-22 19:17:34,522 - INFO - 目标目录: E:\workspace\OrderAutoGeneration\docs\convertedData
2026-01-22 19:17:34,522 - INFO - 模式: 递归扫描所有子目录，保持文件夹结构，转换后删除原文件
2026-01-22 19:17:34,522 - INFO - 监控间隔: 10 秒
2026-01-22 19:17:34,522 - INFO - 程序运行中，按 Ctrl+C 停止...
2026-01-22 19:17:34,523 - INFO - 
2026-01-22 19:17:34,526 - INFO - 发现 4 个xlsx文件
2026-01-22 19:17:34,526 - INFO - 开始转换文件: LG-Le\Orders\LG-Lｅ　Ceralia(瑜伽裤）-2　Jan22th tracking &cost.xlsx
2026-01-22 19:17:34,816 - INFO -   发现 1 个sheet
2026-01-22 19:17:34,921 - INFO -   覆盖已存在的文件: LG-Le\Orders\LG-LｅCeralia瑜伽裤）-2Jan22th_tracking_cost_order_.xlsx
2026-01-22 19:17:35,047 - INFO -   已添加SKU_Quotation列（从'商品SKU'列提取，位于SKU列右侧）
2026-01-22 19:17:35,185 - INFO -   已添加QTY_Merged列（按Order#和SKU_Quotation分组累加QTY，位于QTY列右侧）
2026-01-22 19:17:35,186 - INFO -   查找报价表文件，目录: E:\workspace\OrderAutoGeneration\docs\convertedData\LG-Le\Quotation
2026-01-22 19:17:35,186 - INFO -   目录是否存在: True
2026-01-22 19:17:35,187 - INFO -   目录下所有CSV文件: ['LG-le_docteur_2026121号__瑜伽裤报价新_upsell_报价表.csv', 'LG-le_docteur_2026121号__瑜伽裤报价新_找货表.csv', 'LG-le_docteur_2026121号__瑜伽裤报价新_瑜伽裤报价表.csv']
2026-01-22 19:17:35,188 - INFO -   匹配'*报价表*.csv'的文件: ['LG-le_docteur_2026121号__瑜伽裤报价新_upsell_报价表.csv', 'LG-le_docteur_2026121号__瑜伽裤报价新_瑜伽裤报价表.csv']
2026-01-22 19:17:35,188 - INFO -   过滤后（不含upsell）的报价表文件: ['LG-le_docteur_2026121号__瑜伽裤报价新_瑜伽裤报价表.csv']
2026-01-22 19:17:35,190 - INFO -   已加载报价表文件: LG-le_docteur_2026121号__瑜伽裤报价新_瑜伽裤报价表.csv (共25行)
2026-01-22 19:17:35,191 - INFO -   匹配upsell报价表文件: ['LG-le_docteur_2026121号__瑜伽裤报价新_upsell_报价表.csv']
2026-01-22 19:17:35,194 - INFO -   已加载upsell报价表文件: LG-le_docteur_2026121号__瑜伽裤报价新_upsell_报价表.csv (共25行)
2026-01-22 19:17:35,609 - INFO -   已添加sum行，公式: =SUM(L2:L295)+SUM(M2:M295)
2026-01-22 19:17:35,610 - INFO -   已添加cost和upsell列（位于Country列左侧），并在最后一行添加sum行（使用公式计算）
2026-01-22 19:17:35,779 - INFO -   已保存为Excel格式（支持货币格式和公式）
2026-01-22 19:17:35,780 - INFO -   ✓ 已转换: LG-Le\Orders\LG-LｅCeralia瑜伽裤）-2Jan22th_tracking_cost_order_.xlsx (294 行, 22 列)
2026-01-22 19:17:35,889 - INFO - ✓ 已删除原文件: LG-Le\Orders\LG-Lｅ　Ceralia(瑜伽裤）-2　Jan22th tracking &cost.xlsx
2026-01-22 19:17:35,890 - INFO - ✓ 文件转换完成并已删除: LG-Le\Orders\LG-Lｅ　Ceralia(瑜伽裤）-2　Jan22th tracking &cost.xlsx -> 1 个CSV文件
2026-01-22 19:17:35,891 - INFO - 开始转换文件: LG-Le\Quotation\LG-le docteur 2026.1.21号  瑜伽裤报价新.xlsx
2026-01-22 19:17:35,933 - INFO -   发现 4 个sheet
2026-01-22 19:17:35,979 - INFO -   覆盖已存在的文件: LG-Le\Quotation\LG-le_docteur_2026121号__瑜伽裤报价新_找货表.csv
2026-01-22 19:17:35,994 - INFO -   ✓ 已转换: LG-Le\Quotation\LG-le_docteur_2026121号__瑜伽裤报价新_找货表.csv (21 行, 20 列)
2026-01-22 19:17:36,045 - INFO -   覆盖已存在的文件: LG-Le\Quotation\LG-le_docteur_2026121号__瑜伽裤报价新_瑜伽裤报价表.csv
2026-01-22 19:17:36,061 - INFO -   ✓ 已转换: LG-Le\Quotation\LG-le_docteur_2026121号__瑜伽裤报价新_瑜伽裤报价表.csv (25 行, 26 列)
2026-01-22 19:17:36,105 - INFO -   覆盖已存在的文件: LG-Le\Quotation\LG-le_docteur_2026121号__瑜伽裤报价新_upsell_报价表.csv
2026-01-22 19:17:36,111 - INFO -   ✓ 已转换: LG-Le\Quotation\LG-le_docteur_2026121号__瑜伽裤报价新_upsell_报价表.csv (25 行, 26 列)
2026-01-22 19:17:37,394 - INFO - ✓ 已删除原文件: LG-Le\Quotation\LG-le docteur 2026.1.21号  瑜伽裤报价新.xlsx
2026-01-22 19:17:37,395 - INFO - ✓ 文件转换完成并已删除: LG-Le\Quotation\LG-le docteur 2026.1.21号  瑜伽裤报价新.xlsx -> 3 个CSV文件
2026-01-22 19:17:37,396 - WARNING - 文件不存在: E:\workspace\OrderAutoGeneration\docs\sourceData\LG-Le\Orders\LG-Lｅ　Ceralia(瑜伽裤）-2　Jan22th tracking &cost.xlsx
2026-01-22 19:17:37,396 - WARNING - 文件不存在: E:\workspace\OrderAutoGeneration\docs\sourceData\LG-Le\Quotation\LG-le docteur 2026.1.21号  瑜伽裤报价新.xlsx
2026-01-22 19:20:57,343 - INFO - ============================================================
2026-01-22 19:20:57,343 - INFO - XLSX Converter Service (xlsx-converter) 启动
2026-01-22 19:20:57,343 - INFO - ============================================================
2026-01-22 19:20:57,344 - INFO - 源目录: E:\workspace\OrderAutoGeneration\docs\sourceData
2026-01-22 19:20:57,344 - INFO - 目标目录: E:\workspace\OrderAutoGeneration\docs\convertedData
2026-01-22 19:20:57,344 - INFO - 模式: 递归扫描所有子目录，保持文件夹结构，转换后删除原文件
2026-01-22 19:20:57,344 - INFO - 监控间隔: 10 秒
2026-01-22 19:20:57,345 - INFO - 程序运行中，按 Ctrl+C 停止...
2026-01-22 19:20:57,345 - INFO - 
2026-01-22 19:21:27,371 - INFO - 发现 2 个xlsx文件
2026-01-22 19:21:27,372 - INFO - 开始转换文件: LG-Le\Orders\LG-Lｅ　Ceralia(瑜伽裤）-2　Jan22th tracking &cost.xlsx
2026-01-22 19:21:27,686 - INFO -   发现 1 个sheet
2026-01-22 19:21:27,818 - INFO -   已添加SKU_Quotation列（从'商品SKU'列提取，位于SKU列右侧）
2026-01-22 19:21:27,937 - INFO -   已添加QTY_Merged列（按Order#和SKU_Quotation分组累加QTY，位于QTY列右侧）
2026-01-22 19:21:27,938 - INFO -   查找报价表文件，目录: E:\workspace\OrderAutoGeneration\docs\convertedData\LG-Le\Quotation
2026-01-22 19:21:27,938 - INFO -   目录是否存在: True
2026-01-22 19:21:27,939 - INFO -   目录下所有CSV文件: ['LG-le_docteur_2026121号__瑜伽裤报价新_upsell_报价表.csv', 'LG-le_docteur_2026121号__瑜伽裤报价新_找货表.csv', 'LG-le_docteur_2026121号__瑜伽裤报价新_瑜伽裤报价表.csv']
2026-01-22 19:21:27,939 - INFO -   匹配'*报价表*.csv'的文件: ['LG-le_docteur_2026121号__瑜伽裤报价新_upsell_报价表.csv', 'LG-le_docteur_2026121号__瑜伽裤报价新_瑜伽裤报价表.csv']
2026-01-22 19:21:27,940 - INFO -   过滤后（不含upsell）的报价表文件: ['LG-le_docteur_2026121号__瑜伽裤报价新_瑜伽裤报价表.csv']
2026-01-22 19:21:27,942 - INFO -   已加载报价表文件: LG-le_docteur_2026121号__瑜伽裤报价新_瑜伽裤报价表.csv (共25行)
2026-01-22 19:21:27,943 - INFO -   匹配upsell报价表文件: ['LG-le_docteur_2026121号__瑜伽裤报价新_upsell_报价表.csv']
2026-01-22 19:21:27,945 - INFO -   已加载upsell报价表文件: LG-le_docteur_2026121号__瑜伽裤报价新_upsell_报价表.csv (共25行)
2026-01-22 19:21:28,296 - INFO -   已添加sum行，公式: =SUM(K2:K295)+SUM(L2:L295)
2026-01-22 19:21:28,297 - INFO -   已添加cost和upsell列（位于Country列左侧），并在最后一行添加sum行（使用公式计算）
2026-01-22 19:21:28,470 - INFO -   已保存为Excel格式（支持货币格式和公式）
2026-01-22 19:21:28,470 - INFO -   ✓ 已转换: LG-Le\Orders\LG-LｅCeralia瑜伽裤）-2Jan22th_tracking_cost_order_.xlsx (294 行, 22 列)
2026-01-22 19:21:28,485 - INFO - ✓ 已删除原文件: LG-Le\Orders\LG-Lｅ　Ceralia(瑜伽裤）-2　Jan22th tracking &cost.xlsx
2026-01-22 19:21:28,486 - INFO - ✓ 文件转换完成并已删除: LG-Le\Orders\LG-Lｅ　Ceralia(瑜伽裤）-2　Jan22th tracking &cost.xlsx -> 1 个CSV文件
2026-01-22 19:21:28,486 - WARNING - 文件不存在: E:\workspace\OrderAutoGeneration\docs\sourceData\LG-Le\Orders\LG-Lｅ　Ceralia(瑜伽裤）-2　Jan22th tracking &cost.xlsx
2026-01-22 19:24:31,278 - INFO - ============================================================
2026-01-22 19:24:31,279 - INFO - XLSX Converter Service (xlsx-converter) 启动
2026-01-22 19:24:31,279 - INFO - ============================================================
2026-01-22 19:24:31,279 - INFO - 源目录: E:\workspace\OrderAutoGeneration\docs\sourceData
2026-01-22 19:24:31,279 - INFO - 目标目录: E:\workspace\OrderAutoGeneration\docs\convertedData
2026-01-22 19:24:31,280 - INFO - 模式: 递归扫描所有子目录，保持文件夹结构，转换后删除原文件
2026-01-22 19:24:31,280 - INFO - 监控间隔: 10 秒
2026-01-22 19:24:31,280 - INFO - 程序运行中，按 Ctrl+C 停止...
2026-01-22 19:24:31,280 - INFO - 
2026-01-22 19:24:51,296 - INFO - 发现 2 个xlsx文件
2026-01-22 19:24:51,297 - INFO - 开始转换文件: LG-Le\Orders\LG-Lｅ　Ceralia(瑜伽裤）-2　Jan22th tracking &cost.xlsx
2026-01-22 19:24:52,045 - INFO -   发现 1 个sheet
2026-01-22 19:24:52,386 - INFO -   已添加SKU_Quotation列（从'商品SKU'列提取，位于SKU列右侧）
2026-01-22 19:24:52,512 - INFO -   已添加QTY_Merged列（按Order#和SKU_Quotation分组累加QTY，位于QTY列右侧）
2026-01-22 19:24:52,513 - INFO -   查找报价表文件，目录: E:\workspace\OrderAutoGeneration\docs\convertedData\LG-Le\Quotation
2026-01-22 19:24:52,513 - INFO -   目录是否存在: True
2026-01-22 19:24:52,513 - INFO -   目录下所有CSV文件: ['LG-le_docteur_2026121号__瑜伽裤报价新_upsell_报价表.csv', 'LG-le_docteur_2026121号__瑜伽裤报价新_找货表.csv', 'LG-le_docteur_2026121号__瑜伽裤报价新_瑜伽裤报价表.csv']
2026-01-22 19:24:52,514 - INFO -   匹配'*报价表*.csv'的文件: ['LG-le_docteur_2026121号__瑜伽裤报价新_upsell_报价表.csv', 'LG-le_docteur_2026121号__瑜伽裤报价新_瑜伽裤报价表.csv']
2026-01-22 19:24:52,514 - INFO -   过滤后（不含upsell）的报价表文件: ['LG-le_docteur_2026121号__瑜伽裤报价新_瑜伽裤报价表.csv']
2026-01-22 19:24:52,517 - INFO -   已加载报价表文件: LG-le_docteur_2026121号__瑜伽裤报价新_瑜伽裤报价表.csv (共25行)
2026-01-22 19:24:52,518 - INFO -   匹配upsell报价表文件: ['LG-le_docteur_2026121号__瑜伽裤报价新_upsell_报价表.csv']
2026-01-22 19:24:52,520 - INFO -   已加载upsell报价表文件: LG-le_docteur_2026121号__瑜伽裤报价新_upsell_报价表.csv (共25行)
2026-01-22 19:24:52,891 - INFO -   已添加sum行，公式: =SUM(K2:K295)+SUM(L2:L295)
2026-01-22 19:24:52,891 - INFO -   已添加cost和upsell列（位于Country列左侧），并在最后一行添加sum行（使用公式计算）
2026-01-22 19:24:53,083 - INFO -   已保存为Excel格式（支持货币格式和公式）
2026-01-22 19:24:53,084 - INFO -   ✓ 已转换: LG-Le\Orders\LG-LｅCeralia瑜伽裤）-2Jan22th_tracking_cost_order_.xlsx (294 行, 22 列)
2026-01-22 19:24:53,106 - INFO - ✓ 已删除原文件: LG-Le\Orders\LG-Lｅ　Ceralia(瑜伽裤）-2　Jan22th tracking &cost.xlsx
2026-01-22 19:24:53,106 - INFO - ✓ 文件转换完成并已删除: LG-Le\Orders\LG-Lｅ　Ceralia(瑜伽裤）-2　Jan22th tracking &cost.xlsx -> 1 个CSV文件
2026-01-22 19:24:53,107 - WARNING - 文件不存在: E:\workspace\OrderAutoGeneration\docs\sourceData\LG-Le\Orders\LG-Lｅ　Ceralia(瑜伽裤）-2　Jan22th tracking &cost.xlsx
2026-01-22 20:02:09,339 - INFO - ============================================================
2026-01-22 20:02:09,341 - INFO - XLSX Converter Service (xlsx-converter) 启动
2026-01-22 20:02:09,345 - INFO - ============================================================
2026-01-22 20:02:09,345 - INFO - 源目录: E:\workspace\OrderAutoGeneration\docs\sourceData
2026-01-22 20:02:09,346 - INFO - 目标目录: E:\workspace\OrderAutoGeneration\docs\convertedData
2026-01-22 20:02:09,346 - INFO - 模式: 递归扫描所有子目录，保持文件夹结构，转换后删除原文件
2026-01-22 20:02:09,346 - INFO - 监控间隔: 10 秒
2026-01-22 20:02:09,346 - INFO - 程序运行中，按 Ctrl+C 停止...
2026-01-22 20:02:09,347 - INFO - 
2026-01-22 20:02:59,370 - INFO - 发现 2 个xlsx文件
2026-01-22 20:02:59,370 - INFO - 开始转换文件: LG-Le\Orders\LG-Lｅ　Ceralia(瑜伽裤）-2　Jan22th tracking &cost(1).xlsx
2026-01-22 20:02:59,767 - INFO -   发现 1 个sheet
2026-01-22 20:02:59,875 - INFO -   已添加SKU_Quotation列（从'商品SKU'列提取，位于SKU列右侧）
2026-01-22 20:02:59,989 - INFO -   已添加QTY_Merged列（按Order#和SKU_Quotation分组累加QTY，位于QTY列右侧）
2026-01-22 20:02:59,990 - INFO -   查找报价表文件，目录: E:\workspace\OrderAutoGeneration\docs\convertedData\LG-Le\Quotation
2026-01-22 20:02:59,991 - INFO -   目录是否存在: True
2026-01-22 20:02:59,992 - INFO -   目录下所有CSV文件: ['LG-le_docteur_2026121号__瑜伽裤报价新_upsell_报价表.csv', 'LG-le_docteur_2026121号__瑜伽裤报价新_找货表.csv', 'LG-le_docteur_2026121号__瑜伽裤报价新_瑜伽裤报价表.csv']
2026-01-22 20:02:59,992 - INFO -   匹配'*报价表*.csv'的文件: ['LG-le_docteur_2026121号__瑜伽裤报价新_upsell_报价表.csv', 'LG-le_docteur_2026121号__瑜伽裤报价新_瑜伽裤报价表.csv']
2026-01-22 20:02:59,992 - INFO -   过滤后（不含upsell）的报价表文件: ['LG-le_docteur_2026121号__瑜伽裤报价新_瑜伽裤报价表.csv']
2026-01-22 20:02:59,994 - INFO -   已加载报价表文件: LG-le_docteur_2026121号__瑜伽裤报价新_瑜伽裤报价表.csv (共25行)
2026-01-22 20:02:59,995 - INFO -   匹配upsell报价表文件: ['LG-le_docteur_2026121号__瑜伽裤报价新_upsell_报价表.csv']
2026-01-22 20:02:59,997 - INFO -   已加载upsell报价表文件: LG-le_docteur_2026121号__瑜伽裤报价新_upsell_报价表.csv (共25行)
2026-01-22 20:03:00,331 - INFO -   已添加sum行，公式: =SUM(F2:F292)+SUM(G2:G292)
2026-01-22 20:03:00,331 - INFO -   已添加cost和upsell列（位于Country列左侧），并在最后一行添加sum行（使用公式计算）
2026-01-22 20:03:00,509 - INFO -   已保存为Excel格式（支持货币格式和公式）
2026-01-22 20:03:00,509 - INFO -   ✓ 已转换: LG-Le\Orders\LG-LｅCeralia瑜伽裤）-2Jan22th_tracking_cost1_order_.xlsx (291 行, 19 列)
2026-01-22 20:03:00,619 - INFO - ✓ 已删除原文件: LG-Le\Orders\LG-Lｅ　Ceralia(瑜伽裤）-2　Jan22th tracking &cost(1).xlsx
2026-01-22 20:03:00,620 - INFO - ✓ 文件转换完成并已删除: LG-Le\Orders\LG-Lｅ　Ceralia(瑜伽裤）-2　Jan22th tracking &cost(1).xlsx -> 1 个CSV文件
2026-01-22 20:03:00,621 - WARNING - 文件不存在: E:\workspace\OrderAutoGeneration\docs\sourceData\LG-Le\Orders\LG-Lｅ　Ceralia(瑜伽裤）-2　Jan22th tracking &cost(1).xlsx
